3.000000|7.978000|5|39.890000|-0.420000|34.420000
