// Locals:
// hoisted0 : int (persists=false)
// hoisted1 : int (persists=false)
// hoisted2 : int (persists=false)
// mid5 : int (persists=true)
// count12 : int (persists=true)
// key13 : tuple[int] (persists=false)
// i11 : int (persists=true)
// key9 : tuple[int] (persists=true)
// high4 : int (persists=true)
// kstart0 : int (persists=true)
// key6 : tuple[int] (persists=false)
// idx7 : int (persists=true)
// vstart1 : int (persists=true)
// key2 : tuple[int] (persists=true)
// cstart10 : int (persists=true)
// key8 : tuple[int] (persists=false)
// low3 : int (persists=true)
fun printer () : void {
    hoisted0 = 6 / 2;
    hoisted1 = 6 / 2;
    hoisted2 = 6 / 2;
    low3 = 0;
    high4 = hoisted0;
    loop (low3 < high4) {
        mid5 = low3 + high4 / 2;
        kstart0 = 1 + mid5 * 2;
        key6 = (buf[kstart0 : 1]);
        if (not(key6[0] < 1)) {
            high4 = mid5;
        } else {
             low3 = mid5 + 1;
        }
    }
    idx7 = low3;
    if (idx7 < hoisted1) {
        kstart0 = 1 + idx7 * 2;
        key8 = (buf[kstart0 : 1]);
        key9 = key8;
        loop (key9[0] < 3 && idx7 < hoisted2) {
            if (key9[0] < 3 && not(key9[0] < 1)) {
                vstart1 = buf[1 + idx7 * 2 + 1 : 1] + 6 + 1;
                key2 = key9;
                cstart10 = vstart1 + 1 + 1;
                i11 = 0;
                count12 = buf[vstart1 : 1];
                loop (i11 < count12) {
                    print(tuple[int, int], (key2[0], buf[cstart10 : 1]));
                    cstart10 = cstart10 + 1;
                    i11 = i11 + 1;
                }
            } else {
                 
            }
            idx7 = idx7 + 1;
            kstart0 = 1 + idx7 * 2;
            key13 = (buf[kstart0 : 1]);
            key9 = key13;
        }
    } else {
         
    }
}
// Locals:
// hoisted3 : int (persists=false)
// hoisted4 : int (persists=false)
// hoisted5 : int (persists=false)
// mid5 : int (persists=true)
// count12 : int (persists=true)
// key13 : tuple[int] (persists=false)
// i11 : int (persists=true)
// key9 : tuple[int] (persists=true)
// high4 : int (persists=true)
// kstart0 : int (persists=true)
// key6 : tuple[int] (persists=false)
// idx7 : int (persists=true)
// vstart1 : int (persists=true)
// key2 : tuple[int] (persists=true)
// cstart10 : int (persists=true)
// key8 : tuple[int] (persists=false)
// low3 : int (persists=true)
fun consumer () : void {
    hoisted3 = 6 / 2;
    hoisted4 = 6 / 2;
    hoisted5 = 6 / 2;
    low3 = 0;
    high4 = hoisted3;
    loop (low3 < high4) {
        mid5 = low3 + high4 / 2;
        kstart0 = 1 + mid5 * 2;
        key6 = (buf[kstart0 : 1]);
        if (not(key6[0] < 1)) {
            high4 = mid5;
        } else {
             low3 = mid5 + 1;
        }
    }
    idx7 = low3;
    if (idx7 < hoisted4) {
        kstart0 = 1 + idx7 * 2;
        key8 = (buf[kstart0 : 1]);
        key9 = key8;
        loop (key9[0] < 3 && idx7 < hoisted5) {
            if (key9[0] < 3 && not(key9[0] < 1)) {
                vstart1 = buf[1 + idx7 * 2 + 1 : 1] + 6 + 1;
                key2 = key9;
                cstart10 = vstart1 + 1 + 1;
                i11 = 0;
                count12 = buf[vstart1 : 1];
                loop (i11 < count12) {
                    consume(tuple[int, int], (key2[0], buf[cstart10 : 1]));
                    cstart10 = cstart10 + 1;
                    i11 = i11 + 1;
                }
            } else {
                 
            }
            idx7 = idx7 + 1;
            kstart0 = 1 + idx7 * 2;
            key13 = (buf[kstart0 : 1]);
            key9 = key13;
        }
    } else {
         
    }
}
