0:400 Ordered idx map
0:2 Ordered idx key
0:2 Tuple body
0:1 Scalar (=(Int 0))
0:0 Ordered idx index len (=400)
0:0 Ordered idx len (=600)
0:0 Tuple len (=2)
1:1 Scalar (=(Int 0))
2:2 Ordered idx ptr (=0)
4:2 Ordered idx key
4:2 Tuple body
4:1 Scalar (=(Int 0))
4:0 Tuple len (=2)
5:1 Scalar (=(Int 1))
6:2 Ordered idx ptr (=2)
8:2 Ordered idx key
8:2 Tuple body
8:1 Scalar (=(Int 1))
8:0 Tuple len (=2)
9:1 Scalar (=(Int 0))
10:2 Ordered idx ptr (=20)
12:2 Ordered idx key
12:2 Tuple body
12:1 Scalar (=(Int 1))
12:0 Tuple len (=2)
13:1 Scalar (=(Int 1))
14:2 Ordered idx ptr (=22)
16:2 Ordered idx key
16:2 Tuple body
16:1 Scalar (=(Int 0))
16:0 Tuple len (=2)
17:1 Scalar (=(Int 2))
18:2 Ordered idx ptr (=4)
20:2 Ordered idx key
20:2 Tuple body
20:1 Scalar (=(Int 0))
20:0 Tuple len (=2)
21:1 Scalar (=(Int 3))
22:2 Ordered idx ptr (=6)
24:2 Ordered idx key
24:2 Tuple body
24:1 Scalar (=(Int 1))
24:0 Tuple len (=2)
25:1 Scalar (=(Int 2))
26:2 Ordered idx ptr (=24)
28:2 Ordered idx key
28:2 Tuple body
28:1 Scalar (=(Int 1))
28:0 Tuple len (=2)
29:1 Scalar (=(Int 3))
30:2 Ordered idx ptr (=26)
32:2 Ordered idx key
32:2 Tuple body
32:1 Scalar (=(Int 2))
32:0 Tuple len (=2)
33:1 Scalar (=(Int 0))
34:2 Ordered idx ptr (=40)
36:2 Ordered idx key
36:2 Tuple body
36:1 Scalar (=(Int 2))
36:0 Tuple len (=2)
37:1 Scalar (=(Int 1))
38:2 Ordered idx ptr (=42)
40:2 Ordered idx key
40:2 Tuple body
40:1 Scalar (=(Int 3))
40:0 Tuple len (=2)
41:1 Scalar (=(Int 0))
42:2 Ordered idx ptr (=60)
44:2 Ordered idx key
44:2 Tuple body
44:1 Scalar (=(Int 3))
44:0 Tuple len (=2)
45:1 Scalar (=(Int 1))
46:2 Ordered idx ptr (=62)
48:2 Ordered idx key
48:2 Tuple body
48:1 Scalar (=(Int 2))
48:0 Tuple len (=2)
49:1 Scalar (=(Int 2))
50:2 Ordered idx ptr (=44)
52:2 Ordered idx key
52:2 Tuple body
52:1 Scalar (=(Int 2))
52:0 Tuple len (=2)
53:1 Scalar (=(Int 3))
54:2 Ordered idx ptr (=46)
56:2 Ordered idx key
56:2 Tuple body
56:1 Scalar (=(Int 3))
56:0 Tuple len (=2)
57:1 Scalar (=(Int 2))
58:2 Ordered idx ptr (=64)
60:2 Ordered idx key
60:2 Tuple body
60:1 Scalar (=(Int 3))
60:0 Tuple len (=2)
61:1 Scalar (=(Int 3))
62:2 Ordered idx ptr (=66)
64:2 Ordered idx key
64:2 Tuple body
64:1 Scalar (=(Int 0))
64:0 Tuple len (=2)
65:1 Scalar (=(Int 4))
66:2 Ordered idx ptr (=8)
68:2 Ordered idx key
68:2 Tuple body
68:1 Scalar (=(Int 0))
68:0 Tuple len (=2)
69:1 Scalar (=(Int 5))
70:2 Ordered idx ptr (=10)
72:2 Ordered idx key
72:2 Tuple body
72:1 Scalar (=(Int 1))
72:0 Tuple len (=2)
73:1 Scalar (=(Int 4))
74:2 Ordered idx ptr (=28)
76:2 Ordered idx key
76:2 Tuple body
76:1 Scalar (=(Int 1))
76:0 Tuple len (=2)
77:1 Scalar (=(Int 5))
78:2 Ordered idx ptr (=30)
80:2 Ordered idx key
80:2 Tuple body
80:1 Scalar (=(Int 0))
80:0 Tuple len (=2)
81:1 Scalar (=(Int 6))
82:2 Ordered idx ptr (=12)
84:2 Ordered idx key
84:2 Tuple body
84:1 Scalar (=(Int 0))
84:0 Tuple len (=2)
85:1 Scalar (=(Int 7))
86:2 Ordered idx ptr (=14)
88:2 Ordered idx key
88:2 Tuple body
88:1 Scalar (=(Int 1))
88:0 Tuple len (=2)
89:1 Scalar (=(Int 6))
90:2 Ordered idx ptr (=32)
92:2 Ordered idx key
92:2 Tuple body
92:1 Scalar (=(Int 1))
92:0 Tuple len (=2)
93:1 Scalar (=(Int 7))
94:2 Ordered idx ptr (=34)
96:2 Ordered idx key
96:2 Tuple body
96:1 Scalar (=(Int 2))
96:0 Tuple len (=2)
97:1 Scalar (=(Int 4))
98:2 Ordered idx ptr (=48)
100:2 Ordered idx key
100:2 Tuple body
100:1 Scalar (=(Int 2))
100:0 Tuple len (=2)
101:1 Scalar (=(Int 5))
102:2 Ordered idx ptr (=50)
104:2 Ordered idx key
104:2 Tuple body
104:1 Scalar (=(Int 3))
104:0 Tuple len (=2)
105:1 Scalar (=(Int 4))
106:2 Ordered idx ptr (=68)
108:2 Ordered idx key
108:2 Tuple body
108:1 Scalar (=(Int 3))
108:0 Tuple len (=2)
109:1 Scalar (=(Int 5))
110:2 Ordered idx ptr (=70)
112:2 Ordered idx key
112:2 Tuple body
112:1 Scalar (=(Int 2))
112:0 Tuple len (=2)
113:1 Scalar (=(Int 6))
114:2 Ordered idx ptr (=52)
116:2 Ordered idx key
116:2 Tuple body
116:1 Scalar (=(Int 2))
116:0 Tuple len (=2)
117:1 Scalar (=(Int 7))
118:2 Ordered idx ptr (=54)
120:2 Ordered idx key
120:2 Tuple body
120:1 Scalar (=(Int 3))
120:0 Tuple len (=2)
121:1 Scalar (=(Int 6))
122:2 Ordered idx ptr (=72)
124:2 Ordered idx key
124:2 Tuple body
124:1 Scalar (=(Int 3))
124:0 Tuple len (=2)
125:1 Scalar (=(Int 7))
126:2 Ordered idx ptr (=74)
128:2 Ordered idx key
128:2 Tuple body
128:1 Scalar (=(Int 4))
128:0 Tuple len (=2)
129:1 Scalar (=(Int 0))
130:2 Ordered idx ptr (=80)
132:2 Ordered idx key
132:2 Tuple body
132:1 Scalar (=(Int 4))
132:0 Tuple len (=2)
133:1 Scalar (=(Int 1))
134:2 Ordered idx ptr (=82)
136:2 Ordered idx key
136:2 Tuple body
136:1 Scalar (=(Int 5))
136:0 Tuple len (=2)
137:1 Scalar (=(Int 0))
138:2 Ordered idx ptr (=100)
140:2 Ordered idx key
140:2 Tuple body
140:1 Scalar (=(Int 5))
140:0 Tuple len (=2)
141:1 Scalar (=(Int 1))
142:2 Ordered idx ptr (=102)
144:2 Ordered idx key
144:2 Tuple body
144:1 Scalar (=(Int 4))
144:0 Tuple len (=2)
145:1 Scalar (=(Int 2))
146:2 Ordered idx ptr (=84)
148:2 Ordered idx key
148:2 Tuple body
148:1 Scalar (=(Int 4))
148:0 Tuple len (=2)
149:1 Scalar (=(Int 3))
150:2 Ordered idx ptr (=86)
152:2 Ordered idx key
152:2 Tuple body
152:1 Scalar (=(Int 5))
152:0 Tuple len (=2)
153:1 Scalar (=(Int 2))
154:2 Ordered idx ptr (=104)
156:2 Ordered idx key
156:2 Tuple body
156:1 Scalar (=(Int 5))
156:0 Tuple len (=2)
157:1 Scalar (=(Int 3))
158:2 Ordered idx ptr (=106)
160:2 Ordered idx key
160:2 Tuple body
160:1 Scalar (=(Int 6))
160:0 Tuple len (=2)
161:1 Scalar (=(Int 0))
162:2 Ordered idx ptr (=120)
164:2 Ordered idx key
164:2 Tuple body
164:1 Scalar (=(Int 6))
164:0 Tuple len (=2)
165:1 Scalar (=(Int 1))
166:2 Ordered idx ptr (=122)
168:2 Ordered idx key
168:2 Tuple body
168:1 Scalar (=(Int 7))
168:0 Tuple len (=2)
169:1 Scalar (=(Int 0))
170:2 Ordered idx ptr (=140)
172:2 Ordered idx key
172:2 Tuple body
172:1 Scalar (=(Int 7))
172:0 Tuple len (=2)
173:1 Scalar (=(Int 1))
174:2 Ordered idx ptr (=142)
176:2 Ordered idx key
176:2 Tuple body
176:1 Scalar (=(Int 6))
176:0 Tuple len (=2)
177:1 Scalar (=(Int 2))
178:2 Ordered idx ptr (=124)
180:2 Ordered idx key
180:2 Tuple body
180:1 Scalar (=(Int 6))
180:0 Tuple len (=2)
181:1 Scalar (=(Int 3))
182:2 Ordered idx ptr (=126)
184:2 Ordered idx key
184:2 Tuple body
184:1 Scalar (=(Int 7))
184:0 Tuple len (=2)
185:1 Scalar (=(Int 2))
186:2 Ordered idx ptr (=144)
188:2 Ordered idx key
188:2 Tuple body
188:1 Scalar (=(Int 7))
188:0 Tuple len (=2)
189:1 Scalar (=(Int 3))
190:2 Ordered idx ptr (=146)
192:2 Ordered idx key
192:2 Tuple body
192:1 Scalar (=(Int 4))
192:0 Tuple len (=2)
193:1 Scalar (=(Int 4))
194:2 Ordered idx ptr (=88)
196:2 Ordered idx key
196:2 Tuple body
196:1 Scalar (=(Int 4))
196:0 Tuple len (=2)
197:1 Scalar (=(Int 5))
198:2 Ordered idx ptr (=90)
200:2 Ordered idx key
200:2 Tuple body
200:1 Scalar (=(Int 5))
200:0 Tuple len (=2)
201:1 Scalar (=(Int 4))
202:2 Ordered idx ptr (=108)
204:2 Ordered idx key
204:2 Tuple body
204:1 Scalar (=(Int 5))
204:0 Tuple len (=2)
205:1 Scalar (=(Int 5))
206:2 Ordered idx ptr (=110)
208:2 Ordered idx key
208:2 Tuple body
208:1 Scalar (=(Int 4))
208:0 Tuple len (=2)
209:1 Scalar (=(Int 6))
210:2 Ordered idx ptr (=92)
212:2 Ordered idx key
212:2 Tuple body
212:1 Scalar (=(Int 4))
212:0 Tuple len (=2)
213:1 Scalar (=(Int 7))
214:2 Ordered idx ptr (=94)
216:2 Ordered idx key
216:2 Tuple body
216:1 Scalar (=(Int 5))
216:0 Tuple len (=2)
217:1 Scalar (=(Int 6))
218:2 Ordered idx ptr (=112)
220:2 Ordered idx key
220:2 Tuple body
220:1 Scalar (=(Int 5))
220:0 Tuple len (=2)
221:1 Scalar (=(Int 7))
222:2 Ordered idx ptr (=114)
224:2 Ordered idx key
224:2 Tuple body
224:1 Scalar (=(Int 6))
224:0 Tuple len (=2)
225:1 Scalar (=(Int 4))
226:2 Ordered idx ptr (=128)
228:2 Ordered idx key
228:2 Tuple body
228:1 Scalar (=(Int 6))
228:0 Tuple len (=2)
229:1 Scalar (=(Int 5))
230:2 Ordered idx ptr (=130)
232:2 Ordered idx key
232:2 Tuple body
232:1 Scalar (=(Int 7))
232:0 Tuple len (=2)
233:1 Scalar (=(Int 4))
234:2 Ordered idx ptr (=148)
236:2 Ordered idx key
236:2 Tuple body
236:1 Scalar (=(Int 7))
236:0 Tuple len (=2)
237:1 Scalar (=(Int 5))
238:2 Ordered idx ptr (=150)
240:2 Ordered idx key
240:2 Tuple body
240:1 Scalar (=(Int 6))
240:0 Tuple len (=2)
241:1 Scalar (=(Int 6))
242:2 Ordered idx ptr (=132)
244:2 Ordered idx key
244:2 Tuple body
244:1 Scalar (=(Int 6))
244:0 Tuple len (=2)
245:1 Scalar (=(Int 7))
246:2 Ordered idx ptr (=134)
248:2 Ordered idx key
248:2 Tuple body
248:1 Scalar (=(Int 7))
248:0 Tuple len (=2)
249:1 Scalar (=(Int 6))
250:2 Ordered idx ptr (=152)
252:2 Ordered idx key
252:2 Tuple body
252:1 Scalar (=(Int 7))
252:0 Tuple len (=2)
253:1 Scalar (=(Int 7))
254:2 Ordered idx ptr (=154)
256:2 Ordered idx key
256:2 Tuple body
256:1 Scalar (=(Int 0))
256:0 Tuple len (=2)
257:1 Scalar (=(Int 8))
258:2 Ordered idx ptr (=16)
260:2 Ordered idx key
260:2 Tuple body
260:1 Scalar (=(Int 0))
260:0 Tuple len (=2)
261:1 Scalar (=(Int 9))
262:2 Ordered idx ptr (=18)
264:2 Ordered idx key
264:2 Tuple body
264:1 Scalar (=(Int 1))
264:0 Tuple len (=2)
265:1 Scalar (=(Int 8))
266:2 Ordered idx ptr (=36)
268:2 Ordered idx key
268:2 Tuple body
268:1 Scalar (=(Int 1))
268:0 Tuple len (=2)
269:1 Scalar (=(Int 9))
270:2 Ordered idx ptr (=38)
272:2 Ordered idx key
272:2 Tuple body
272:1 Scalar (=(Int 2))
272:0 Tuple len (=2)
273:1 Scalar (=(Int 8))
274:2 Ordered idx ptr (=56)
276:2 Ordered idx key
276:2 Tuple body
276:1 Scalar (=(Int 2))
276:0 Tuple len (=2)
277:1 Scalar (=(Int 9))
278:2 Ordered idx ptr (=58)
280:2 Ordered idx key
280:2 Tuple body
280:1 Scalar (=(Int 3))
280:0 Tuple len (=2)
281:1 Scalar (=(Int 8))
282:2 Ordered idx ptr (=76)
284:2 Ordered idx key
284:2 Tuple body
284:1 Scalar (=(Int 3))
284:0 Tuple len (=2)
285:1 Scalar (=(Int 9))
286:2 Ordered idx ptr (=78)
288:2 Ordered idx key
288:2 Tuple body
288:1 Scalar (=(Int 4))
288:0 Tuple len (=2)
289:1 Scalar (=(Int 8))
290:2 Ordered idx ptr (=96)
292:2 Ordered idx key
292:2 Tuple body
292:1 Scalar (=(Int 4))
292:0 Tuple len (=2)
293:1 Scalar (=(Int 9))
294:2 Ordered idx ptr (=98)
296:2 Ordered idx key
296:2 Tuple body
296:1 Scalar (=(Int 5))
296:0 Tuple len (=2)
297:1 Scalar (=(Int 8))
298:2 Ordered idx ptr (=116)
300:2 Ordered idx key
300:2 Tuple body
300:1 Scalar (=(Int 5))
300:0 Tuple len (=2)
301:1 Scalar (=(Int 9))
302:2 Ordered idx ptr (=118)
304:2 Ordered idx key
304:2 Tuple body
304:1 Scalar (=(Int 6))
304:0 Tuple len (=2)
305:1 Scalar (=(Int 8))
306:2 Ordered idx ptr (=136)
308:2 Ordered idx key
308:2 Tuple body
308:1 Scalar (=(Int 6))
308:0 Tuple len (=2)
309:1 Scalar (=(Int 9))
310:2 Ordered idx ptr (=138)
312:2 Ordered idx key
312:2 Tuple body
312:1 Scalar (=(Int 7))
312:0 Tuple len (=2)
313:1 Scalar (=(Int 8))
314:2 Ordered idx ptr (=156)
316:2 Ordered idx key
316:2 Tuple body
316:1 Scalar (=(Int 7))
316:0 Tuple len (=2)
317:1 Scalar (=(Int 9))
318:2 Ordered idx ptr (=158)
320:2 Ordered idx key
320:2 Tuple body
320:1 Scalar (=(Int 8))
320:0 Tuple len (=2)
321:1 Scalar (=(Int 0))
322:2 Ordered idx ptr (=160)
324:2 Ordered idx key
324:2 Tuple body
324:1 Scalar (=(Int 8))
324:0 Tuple len (=2)
325:1 Scalar (=(Int 1))
326:2 Ordered idx ptr (=162)
328:2 Ordered idx key
328:2 Tuple body
328:1 Scalar (=(Int 9))
328:0 Tuple len (=2)
329:1 Scalar (=(Int 0))
330:2 Ordered idx ptr (=180)
332:2 Ordered idx key
332:2 Tuple body
332:1 Scalar (=(Int 9))
332:0 Tuple len (=2)
333:1 Scalar (=(Int 1))
334:2 Ordered idx ptr (=182)
336:2 Ordered idx key
336:2 Tuple body
336:1 Scalar (=(Int 8))
336:0 Tuple len (=2)
337:1 Scalar (=(Int 2))
338:2 Ordered idx ptr (=164)
340:2 Ordered idx key
340:2 Tuple body
340:1 Scalar (=(Int 8))
340:0 Tuple len (=2)
341:1 Scalar (=(Int 3))
342:2 Ordered idx ptr (=166)
344:2 Ordered idx key
344:2 Tuple body
344:1 Scalar (=(Int 9))
344:0 Tuple len (=2)
345:1 Scalar (=(Int 2))
346:2 Ordered idx ptr (=184)
348:2 Ordered idx key
348:2 Tuple body
348:1 Scalar (=(Int 9))
348:0 Tuple len (=2)
349:1 Scalar (=(Int 3))
350:2 Ordered idx ptr (=186)
352:2 Ordered idx key
352:2 Tuple body
352:1 Scalar (=(Int 8))
352:0 Tuple len (=2)
353:1 Scalar (=(Int 4))
354:2 Ordered idx ptr (=168)
356:2 Ordered idx key
356:2 Tuple body
356:1 Scalar (=(Int 8))
356:0 Tuple len (=2)
357:1 Scalar (=(Int 5))
358:2 Ordered idx ptr (=170)
360:2 Ordered idx key
360:2 Tuple body
360:1 Scalar (=(Int 9))
360:0 Tuple len (=2)
361:1 Scalar (=(Int 4))
362:2 Ordered idx ptr (=188)
364:2 Ordered idx key
364:2 Tuple body
364:1 Scalar (=(Int 9))
364:0 Tuple len (=2)
365:1 Scalar (=(Int 5))
366:2 Ordered idx ptr (=190)
368:2 Ordered idx key
368:2 Tuple body
368:1 Scalar (=(Int 8))
368:0 Tuple len (=2)
369:1 Scalar (=(Int 6))
370:2 Ordered idx ptr (=172)
372:2 Ordered idx key
372:2 Tuple body
372:1 Scalar (=(Int 8))
372:0 Tuple len (=2)
373:1 Scalar (=(Int 7))
374:2 Ordered idx ptr (=174)
376:2 Ordered idx key
376:2 Tuple body
376:1 Scalar (=(Int 9))
376:0 Tuple len (=2)
377:1 Scalar (=(Int 6))
378:2 Ordered idx ptr (=192)
380:2 Ordered idx key
380:2 Tuple body
380:1 Scalar (=(Int 9))
380:0 Tuple len (=2)
381:1 Scalar (=(Int 7))
382:2 Ordered idx ptr (=194)
384:2 Ordered idx key
384:2 Tuple body
384:1 Scalar (=(Int 8))
384:0 Tuple len (=2)
385:1 Scalar (=(Int 8))
386:2 Ordered idx ptr (=176)
388:2 Ordered idx key
388:2 Tuple body
388:1 Scalar (=(Int 8))
388:0 Tuple len (=2)
389:1 Scalar (=(Int 9))
390:2 Ordered idx ptr (=178)
392:2 Ordered idx key
392:2 Tuple body
392:1 Scalar (=(Int 9))
392:0 Tuple len (=2)
393:1 Scalar (=(Int 8))
394:2 Ordered idx ptr (=196)
396:2 Ordered idx key
396:2 Tuple body
396:1 Scalar (=(Int 9))
396:0 Tuple len (=2)
397:1 Scalar (=(Int 9))
398:2 Ordered idx ptr (=198)
400:200 Ordered idx body
400:2 Tuple body
400:1 Scalar (=(Int 0))
400:0 Tuple len (=2)
401:1 Scalar (=(Int 0))
402:2 Tuple body
402:1 Scalar (=(Int 0))
402:0 Tuple len (=2)
403:1 Scalar (=(Int 1))
404:2 Tuple body
404:1 Scalar (=(Int 0))
404:0 Tuple len (=2)
405:1 Scalar (=(Int 2))
406:2 Tuple body
406:1 Scalar (=(Int 0))
406:0 Tuple len (=2)
407:1 Scalar (=(Int 3))
408:2 Tuple body
408:1 Scalar (=(Int 0))
408:0 Tuple len (=2)
409:1 Scalar (=(Int 4))
410:2 Tuple body
410:1 Scalar (=(Int 0))
410:0 Tuple len (=2)
411:1 Scalar (=(Int 5))
412:2 Tuple body
412:1 Scalar (=(Int 0))
412:0 Tuple len (=2)
413:1 Scalar (=(Int 6))
414:2 Tuple body
414:1 Scalar (=(Int 0))
414:0 Tuple len (=2)
415:1 Scalar (=(Int 7))
416:2 Tuple body
416:1 Scalar (=(Int 0))
416:0 Tuple len (=2)
417:1 Scalar (=(Int 8))
418:2 Tuple body
418:1 Scalar (=(Int 0))
418:0 Tuple len (=2)
419:1 Scalar (=(Int 9))
420:2 Tuple body
420:1 Scalar (=(Int 1))
420:0 Tuple len (=2)
421:1 Scalar (=(Int 0))
422:2 Tuple body
422:1 Scalar (=(Int 1))
422:0 Tuple len (=2)
423:1 Scalar (=(Int 1))
424:2 Tuple body
424:1 Scalar (=(Int 1))
424:0 Tuple len (=2)
425:1 Scalar (=(Int 2))
426:2 Tuple body
426:1 Scalar (=(Int 1))
426:0 Tuple len (=2)
427:1 Scalar (=(Int 3))
428:2 Tuple body
428:1 Scalar (=(Int 1))
428:0 Tuple len (=2)
429:1 Scalar (=(Int 4))
430:2 Tuple body
430:1 Scalar (=(Int 1))
430:0 Tuple len (=2)
431:1 Scalar (=(Int 5))
432:2 Tuple body
432:1 Scalar (=(Int 1))
432:0 Tuple len (=2)
433:1 Scalar (=(Int 6))
434:2 Tuple body
434:1 Scalar (=(Int 1))
434:0 Tuple len (=2)
435:1 Scalar (=(Int 7))
436:2 Tuple body
436:1 Scalar (=(Int 1))
436:0 Tuple len (=2)
437:1 Scalar (=(Int 8))
438:2 Tuple body
438:1 Scalar (=(Int 1))
438:0 Tuple len (=2)
439:1 Scalar (=(Int 9))
440:2 Tuple body
440:1 Scalar (=(Int 2))
440:0 Tuple len (=2)
441:1 Scalar (=(Int 0))
442:2 Tuple body
442:1 Scalar (=(Int 2))
442:0 Tuple len (=2)
443:1 Scalar (=(Int 1))
444:2 Tuple body
444:1 Scalar (=(Int 2))
444:0 Tuple len (=2)
445:1 Scalar (=(Int 2))
446:2 Tuple body
446:1 Scalar (=(Int 2))
446:0 Tuple len (=2)
447:1 Scalar (=(Int 3))
448:2 Tuple body
448:1 Scalar (=(Int 2))
448:0 Tuple len (=2)
449:1 Scalar (=(Int 4))
450:2 Tuple body
450:1 Scalar (=(Int 2))
450:0 Tuple len (=2)
451:1 Scalar (=(Int 5))
452:2 Tuple body
452:1 Scalar (=(Int 2))
452:0 Tuple len (=2)
453:1 Scalar (=(Int 6))
454:2 Tuple body
454:1 Scalar (=(Int 2))
454:0 Tuple len (=2)
455:1 Scalar (=(Int 7))
456:2 Tuple body
456:1 Scalar (=(Int 2))
456:0 Tuple len (=2)
457:1 Scalar (=(Int 8))
458:2 Tuple body
458:1 Scalar (=(Int 2))
458:0 Tuple len (=2)
459:1 Scalar (=(Int 9))
460:2 Tuple body
460:1 Scalar (=(Int 3))
460:0 Tuple len (=2)
461:1 Scalar (=(Int 0))
462:2 Tuple body
462:1 Scalar (=(Int 3))
462:0 Tuple len (=2)
463:1 Scalar (=(Int 1))
464:2 Tuple body
464:1 Scalar (=(Int 3))
464:0 Tuple len (=2)
465:1 Scalar (=(Int 2))
466:2 Tuple body
466:1 Scalar (=(Int 3))
466:0 Tuple len (=2)
467:1 Scalar (=(Int 3))
468:2 Tuple body
468:1 Scalar (=(Int 3))
468:0 Tuple len (=2)
469:1 Scalar (=(Int 4))
470:2 Tuple body
470:1 Scalar (=(Int 3))
470:0 Tuple len (=2)
471:1 Scalar (=(Int 5))
472:2 Tuple body
472:1 Scalar (=(Int 3))
472:0 Tuple len (=2)
473:1 Scalar (=(Int 6))
474:2 Tuple body
474:1 Scalar (=(Int 3))
474:0 Tuple len (=2)
475:1 Scalar (=(Int 7))
476:2 Tuple body
476:1 Scalar (=(Int 3))
476:0 Tuple len (=2)
477:1 Scalar (=(Int 8))
478:2 Tuple body
478:1 Scalar (=(Int 3))
478:0 Tuple len (=2)
479:1 Scalar (=(Int 9))
480:2 Tuple body
480:1 Scalar (=(Int 4))
480:0 Tuple len (=2)
481:1 Scalar (=(Int 0))
482:2 Tuple body
482:1 Scalar (=(Int 4))
482:0 Tuple len (=2)
483:1 Scalar (=(Int 1))
484:2 Tuple body
484:1 Scalar (=(Int 4))
484:0 Tuple len (=2)
485:1 Scalar (=(Int 2))
486:2 Tuple body
486:1 Scalar (=(Int 4))
486:0 Tuple len (=2)
487:1 Scalar (=(Int 3))
488:2 Tuple body
488:1 Scalar (=(Int 4))
488:0 Tuple len (=2)
489:1 Scalar (=(Int 4))
490:2 Tuple body
490:1 Scalar (=(Int 4))
490:0 Tuple len (=2)
491:1 Scalar (=(Int 5))
492:2 Tuple body
492:1 Scalar (=(Int 4))
492:0 Tuple len (=2)
493:1 Scalar (=(Int 6))
494:2 Tuple body
494:1 Scalar (=(Int 4))
494:0 Tuple len (=2)
495:1 Scalar (=(Int 7))
496:2 Tuple body
496:1 Scalar (=(Int 4))
496:0 Tuple len (=2)
497:1 Scalar (=(Int 8))
498:2 Tuple body
498:1 Scalar (=(Int 4))
498:0 Tuple len (=2)
499:1 Scalar (=(Int 9))
500:2 Tuple body
500:1 Scalar (=(Int 5))
500:0 Tuple len (=2)
501:1 Scalar (=(Int 0))
502:2 Tuple body
502:1 Scalar (=(Int 5))
502:0 Tuple len (=2)
503:1 Scalar (=(Int 1))
504:2 Tuple body
504:1 Scalar (=(Int 5))
504:0 Tuple len (=2)
505:1 Scalar (=(Int 2))
506:2 Tuple body
506:1 Scalar (=(Int 5))
506:0 Tuple len (=2)
507:1 Scalar (=(Int 3))
508:2 Tuple body
508:1 Scalar (=(Int 5))
508:0 Tuple len (=2)
509:1 Scalar (=(Int 4))
510:2 Tuple body
510:1 Scalar (=(Int 5))
510:0 Tuple len (=2)
511:1 Scalar (=(Int 5))
512:2 Tuple body
512:1 Scalar (=(Int 5))
512:0 Tuple len (=2)
513:1 Scalar (=(Int 6))
514:2 Tuple body
514:1 Scalar (=(Int 5))
514:0 Tuple len (=2)
515:1 Scalar (=(Int 7))
516:2 Tuple body
516:1 Scalar (=(Int 5))
516:0 Tuple len (=2)
517:1 Scalar (=(Int 8))
518:2 Tuple body
518:1 Scalar (=(Int 5))
518:0 Tuple len (=2)
519:1 Scalar (=(Int 9))
520:2 Tuple body
520:1 Scalar (=(Int 6))
520:0 Tuple len (=2)
521:1 Scalar (=(Int 0))
522:2 Tuple body
522:1 Scalar (=(Int 6))
522:0 Tuple len (=2)
523:1 Scalar (=(Int 1))
524:2 Tuple body
524:1 Scalar (=(Int 6))
524:0 Tuple len (=2)
525:1 Scalar (=(Int 2))
526:2 Tuple body
526:1 Scalar (=(Int 6))
526:0 Tuple len (=2)
527:1 Scalar (=(Int 3))
528:2 Tuple body
528:1 Scalar (=(Int 6))
528:0 Tuple len (=2)
529:1 Scalar (=(Int 4))
530:2 Tuple body
530:1 Scalar (=(Int 6))
530:0 Tuple len (=2)
531:1 Scalar (=(Int 5))
532:2 Tuple body
532:1 Scalar (=(Int 6))
532:0 Tuple len (=2)
533:1 Scalar (=(Int 6))
534:2 Tuple body
534:1 Scalar (=(Int 6))
534:0 Tuple len (=2)
535:1 Scalar (=(Int 7))
536:2 Tuple body
536:1 Scalar (=(Int 6))
536:0 Tuple len (=2)
537:1 Scalar (=(Int 8))
538:2 Tuple body
538:1 Scalar (=(Int 6))
538:0 Tuple len (=2)
539:1 Scalar (=(Int 9))
540:2 Tuple body
540:1 Scalar (=(Int 7))
540:0 Tuple len (=2)
541:1 Scalar (=(Int 0))
542:2 Tuple body
542:1 Scalar (=(Int 7))
542:0 Tuple len (=2)
543:1 Scalar (=(Int 1))
544:2 Tuple body
544:1 Scalar (=(Int 7))
544:0 Tuple len (=2)
545:1 Scalar (=(Int 2))
546:2 Tuple body
546:1 Scalar (=(Int 7))
546:0 Tuple len (=2)
547:1 Scalar (=(Int 3))
548:2 Tuple body
548:1 Scalar (=(Int 7))
548:0 Tuple len (=2)
549:1 Scalar (=(Int 4))
550:2 Tuple body
550:1 Scalar (=(Int 7))
550:0 Tuple len (=2)
551:1 Scalar (=(Int 5))
552:2 Tuple body
552:1 Scalar (=(Int 7))
552:0 Tuple len (=2)
553:1 Scalar (=(Int 6))
554:2 Tuple body
554:1 Scalar (=(Int 7))
554:0 Tuple len (=2)
555:1 Scalar (=(Int 7))
556:2 Tuple body
556:1 Scalar (=(Int 7))
556:0 Tuple len (=2)
557:1 Scalar (=(Int 8))
558:2 Tuple body
558:1 Scalar (=(Int 7))
558:0 Tuple len (=2)
559:1 Scalar (=(Int 9))
560:2 Tuple body
560:1 Scalar (=(Int 8))
560:0 Tuple len (=2)
561:1 Scalar (=(Int 0))
562:2 Tuple body
562:1 Scalar (=(Int 8))
562:0 Tuple len (=2)
563:1 Scalar (=(Int 1))
564:2 Tuple body
564:1 Scalar (=(Int 8))
564:0 Tuple len (=2)
565:1 Scalar (=(Int 2))
566:2 Tuple body
566:1 Scalar (=(Int 8))
566:0 Tuple len (=2)
567:1 Scalar (=(Int 3))
568:2 Tuple body
568:1 Scalar (=(Int 8))
568:0 Tuple len (=2)
569:1 Scalar (=(Int 4))
570:2 Tuple body
570:1 Scalar (=(Int 8))
570:0 Tuple len (=2)
571:1 Scalar (=(Int 5))
572:2 Tuple body
572:1 Scalar (=(Int 8))
572:0 Tuple len (=2)
573:1 Scalar (=(Int 6))
574:2 Tuple body
574:1 Scalar (=(Int 8))
574:0 Tuple len (=2)
575:1 Scalar (=(Int 7))
576:2 Tuple body
576:1 Scalar (=(Int 8))
576:0 Tuple len (=2)
577:1 Scalar (=(Int 8))
578:2 Tuple body
578:1 Scalar (=(Int 8))
578:0 Tuple len (=2)
579:1 Scalar (=(Int 9))
580:2 Tuple body
580:1 Scalar (=(Int 9))
580:0 Tuple len (=2)
581:1 Scalar (=(Int 0))
582:2 Tuple body
582:1 Scalar (=(Int 9))
582:0 Tuple len (=2)
583:1 Scalar (=(Int 1))
584:2 Tuple body
584:1 Scalar (=(Int 9))
584:0 Tuple len (=2)
585:1 Scalar (=(Int 2))
586:2 Tuple body
586:1 Scalar (=(Int 9))
586:0 Tuple len (=2)
587:1 Scalar (=(Int 3))
588:2 Tuple body
588:1 Scalar (=(Int 9))
588:0 Tuple len (=2)
589:1 Scalar (=(Int 4))
590:2 Tuple body
590:1 Scalar (=(Int 9))
590:0 Tuple len (=2)
591:1 Scalar (=(Int 5))
592:2 Tuple body
592:1 Scalar (=(Int 9))
592:0 Tuple len (=2)
593:1 Scalar (=(Int 6))
594:2 Tuple body
594:1 Scalar (=(Int 9))
594:0 Tuple len (=2)
595:1 Scalar (=(Int 7))
596:2 Tuple body
596:1 Scalar (=(Int 9))
596:0 Tuple len (=2)
597:1 Scalar (=(Int 8))
598:2 Tuple body
598:1 Scalar (=(Int 9))
598:0 Tuple len (=2)
599:1 Scalar (=(Int 9))
