3|4|3|4
3|5|3|5
3|6|3|6
4|4|4|4
4|5|4|5
5|4|5|4
5|5|5|5
4|6|4|6
5|6|5|6
