1|100|1.000000|0.000100|1.000100|this is a test|test with, commas|1994-01-04|t|f
