; ModuleID = 'scanner'
source_filename = "scanner"
target datalayout = "e-m:e-p270:32:32-p271:32:32-p272:64:64-i64:64-f80:128-n8:16:32:64-S128"
target triple = "x86_64-redhat-linux-gnu"

%params = type { [0 x i64]* }

@true_str = private unnamed_addr constant [2 x i8] c"t\00", align 1
@false_str = private unnamed_addr constant [2 x i8] c"f\00", align 1
@null_str = private unnamed_addr constant [5 x i8] c"null\00", align 1
@void_str = private unnamed_addr constant [3 x i8] c"()\00", align 1
@sep_str = private unnamed_addr constant [2 x i8] c"|\00", align 1
@newline_str = private unnamed_addr constant [2 x i8] c"\0A\00", align 1
@int_fmt = private unnamed_addr constant [3 x i8] c"%d\00", align 1
@str_fmt = private unnamed_addr constant [5 x i8] c"%.*s\00", align 1
@float_fmt = private unnamed_addr constant [3 x i8] c"%f\00", align 1
@date_fmt = private unnamed_addr constant [15 x i8] c"%04d-%02d-%02d\00", align 1
@0 = private unnamed_addr constant [5 x i8] c"test\00", align 1
@1 = private unnamed_addr constant [8 x i8] c"testing\00", align 1
@2 = private unnamed_addr constant [3 x i8] c"in\00", align 1
@3 = private unnamed_addr constant [5 x i8] c"test\00", align 1
@4 = private unnamed_addr constant [8 x i8] c"testing\00", align 1
@5 = private unnamed_addr constant [3 x i8] c"in\00", align 1

; Function Attrs: argmemonly nofree nosync nounwind willreturn
declare void @llvm.lifetime.start.p0i8(i64 immarg, i8* nocapture) #0

; Function Attrs: argmemonly nofree nosync nounwind willreturn
declare void @llvm.lifetime.end.p0i8(i64 immarg, i8* nocapture) #0

; Function Attrs: argmemonly readonly speculatable
declare i32 @cmph_search_packed(i8*, i8*, i32) #1

declare i32 @printf(i8*, ...)

; Function Attrs: argmemonly norecurse nounwind readonly speculatable
declare i32 @strncmp(i8* noalias nocapture, i8* noalias nocapture, i64) #2

declare i8* @strncpy(i8*, i8*, i32)

; Function Attrs: argmemonly norecurse nounwind readonly speculatable
declare i64 @strpos(i8* nocapture, i64, i8* nocapture, i64) #2

; Function Attrs: readnone
declare i64 @extract_year(i64) #3

; Function Attrs: readnone
declare i64 @extract_month(i64) #3

; Function Attrs: readnone
declare i64 @extract_day(i64) #3

; Function Attrs: readnone
declare i64 @add_month(i64, i64) #3

; Function Attrs: readnone
declare i64 @add_year(i64, i64) #3

; Function Attrs: argmemonly norecurse nounwind readonly speculatable
define i1 @scmp({ i8*, i64 } %0, { i8*, i64 } %1) #2 {
entry:
  %len = extractvalue { i8*, i64 } %0, 1
  %pos = extractvalue { i8*, i64 } %0, 0
  %len1 = extractvalue { i8*, i64 } %1, 1
  %pos2 = extractvalue { i8*, i64 } %1, 0
  %len_cmp = icmp eq i64 %len, %len1
  br i1 %len_cmp, label %eq, label %neq

eq:                                               ; preds = %entry
  %str_cmp = call i32 @strncmp(i8* %pos, i8* %pos2, i64 %len), !tbaa !0
  %str_cmp3 = icmp eq i32 %str_cmp, 0
  ret i1 %str_cmp3

neq:                                              ; preds = %entry
  ret i1 false
}

; Function Attrs: argmemonly norecurse nounwind readonly
define void @printer(%params* noalias %0) #4 {
entry:
  %tupleptrtmp = alloca { i64, i64 }, align 8
  %str5 = alloca { i8*, i64 }, align 8
  %str1 = alloca { i8*, i64 }, align 8
  %str = alloca { i8*, i64 }, align 8
  %hoisted0 = alloca i64, align 8
  %hoisted1 = alloca i64, align 8
  %hoisted2 = alloca { i64, i64 }, align 8
  %str_ptr = getelementptr inbounds { i8*, i64 }, { i8*, i64 }* %str, i32 0, i32 0
  store i8* getelementptr inbounds ([5 x i8], [5 x i8]* @0, i32 0, i32 0), i8** %str_ptr, align 8, !tbaa !3
  %str_len = getelementptr inbounds { i8*, i64 }, { i8*, i64 }* %str, i32 0, i32 1
  store i64 4, i64* %str_len, align 8, !tbaa !3
  %strptr = load { i8*, i64 }, { i8*, i64 }* %str, align 8, !tbaa !3
  %len = extractvalue { i8*, i64 } %strptr, 1
  %pos = extractvalue { i8*, i64 } %strptr, 0
  store i64 %len, i64* %hoisted0, align 8, !tbaa !3
  %str_ptr2 = getelementptr inbounds { i8*, i64 }, { i8*, i64 }* %str1, i32 0, i32 0
  store i8* getelementptr inbounds ([8 x i8], [8 x i8]* @1, i32 0, i32 0), i8** %str_ptr2, align 8, !tbaa !3
  %str_len3 = getelementptr inbounds { i8*, i64 }, { i8*, i64 }* %str1, i32 0, i32 1
  store i64 7, i64* %str_len3, align 8, !tbaa !3
  %strptr4 = load { i8*, i64 }, { i8*, i64 }* %str1, align 8, !tbaa !3
  %str_ptr6 = getelementptr inbounds { i8*, i64 }, { i8*, i64 }* %str5, i32 0, i32 0
  store i8* getelementptr inbounds ([3 x i8], [3 x i8]* @2, i32 0, i32 0), i8** %str_ptr6, align 8, !tbaa !3
  %str_len7 = getelementptr inbounds { i8*, i64 }, { i8*, i64 }* %str5, i32 0, i32 1
  store i64 2, i64* %str_len7, align 8, !tbaa !3
  %strptr8 = load { i8*, i64 }, { i8*, i64 }* %str5, align 8, !tbaa !3
  %len9 = extractvalue { i8*, i64 } %strptr4, 1
  %pos10 = extractvalue { i8*, i64 } %strptr4, 0
  %len11 = extractvalue { i8*, i64 } %strptr8, 1
  %pos12 = extractvalue { i8*, i64 } %strptr8, 0
  %1 = call i64 @strpos(i8* %pos10, i64 %len9, i8* %pos12, i64 %len11), !tbaa !0
  store i64 %1, i64* %hoisted1, align 8, !tbaa !3
  %hoisted013 = load i64, i64* %hoisted0, align 8, !tbaa !3
  %hoisted114 = load i64, i64* %hoisted1, align 8, !tbaa !3
  %ptrtmp = getelementptr inbounds { i64, i64 }, { i64, i64 }* %tupleptrtmp, i32 0, i32 0
  store i64 %hoisted013, i64* %ptrtmp, align 8, !tbaa !3
  %ptrtmp15 = getelementptr inbounds { i64, i64 }, { i64, i64 }* %tupleptrtmp, i32 0, i32 1
  store i64 %hoisted114, i64* %ptrtmp15, align 8, !tbaa !3
  %tupletmp = load { i64, i64 }, { i64, i64 }* %tupleptrtmp, align 8, !tbaa !3
  store { i64, i64 } %tupletmp, { i64, i64 }* %hoisted2, align 8, !tbaa !3
  %hoisted216 = load { i64, i64 }, { i64, i64 }* %hoisted2, align 8, !tbaa !3
  %elemtmp = extractvalue { i64, i64 } %hoisted216, 1
  %elemtmp17 = extractvalue { i64, i64 } %hoisted216, 0
  %2 = call i32 (i8*, ...) @printf(i8* getelementptr inbounds ([3 x i8], [3 x i8]* @int_fmt, i32 0, i32 0), i64 %elemtmp17)
  %3 = call i32 (i8*, ...) @printf(i8* getelementptr inbounds ([2 x i8], [2 x i8]* @sep_str, i32 0, i32 0))
  %4 = call i32 (i8*, ...) @printf(i8* getelementptr inbounds ([3 x i8], [3 x i8]* @int_fmt, i32 0, i32 0), i64 %elemtmp)
  %5 = call i32 (i8*, ...) @printf(i8* getelementptr inbounds ([2 x i8], [2 x i8]* @newline_str, i32 0, i32 0))
  ret void
}

; Function Attrs: argmemonly norecurse nounwind readonly
define void @consumer(%params* noalias %0) #4 {
entry:
  %tupleptrtmp = alloca { i64, i64 }, align 8
  %str5 = alloca { i8*, i64 }, align 8
  %str1 = alloca { i8*, i64 }, align 8
  %str = alloca { i8*, i64 }, align 8
  %hoisted3 = alloca i64, align 8
  %hoisted4 = alloca i64, align 8
  %hoisted5 = alloca { i64, i64 }, align 8
  %str_ptr = getelementptr inbounds { i8*, i64 }, { i8*, i64 }* %str, i32 0, i32 0
  store i8* getelementptr inbounds ([5 x i8], [5 x i8]* @3, i32 0, i32 0), i8** %str_ptr, align 8, !tbaa !3
  %str_len = getelementptr inbounds { i8*, i64 }, { i8*, i64 }* %str, i32 0, i32 1
  store i64 4, i64* %str_len, align 8, !tbaa !3
  %strptr = load { i8*, i64 }, { i8*, i64 }* %str, align 8, !tbaa !3
  %len = extractvalue { i8*, i64 } %strptr, 1
  %pos = extractvalue { i8*, i64 } %strptr, 0
  store i64 %len, i64* %hoisted3, align 8, !tbaa !3
  %str_ptr2 = getelementptr inbounds { i8*, i64 }, { i8*, i64 }* %str1, i32 0, i32 0
  store i8* getelementptr inbounds ([8 x i8], [8 x i8]* @4, i32 0, i32 0), i8** %str_ptr2, align 8, !tbaa !3
  %str_len3 = getelementptr inbounds { i8*, i64 }, { i8*, i64 }* %str1, i32 0, i32 1
  store i64 7, i64* %str_len3, align 8, !tbaa !3
  %strptr4 = load { i8*, i64 }, { i8*, i64 }* %str1, align 8, !tbaa !3
  %str_ptr6 = getelementptr inbounds { i8*, i64 }, { i8*, i64 }* %str5, i32 0, i32 0
  store i8* getelementptr inbounds ([3 x i8], [3 x i8]* @5, i32 0, i32 0), i8** %str_ptr6, align 8, !tbaa !3
  %str_len7 = getelementptr inbounds { i8*, i64 }, { i8*, i64 }* %str5, i32 0, i32 1
  store i64 2, i64* %str_len7, align 8, !tbaa !3
  %strptr8 = load { i8*, i64 }, { i8*, i64 }* %str5, align 8, !tbaa !3
  %len9 = extractvalue { i8*, i64 } %strptr4, 1
  %pos10 = extractvalue { i8*, i64 } %strptr4, 0
  %len11 = extractvalue { i8*, i64 } %strptr8, 1
  %pos12 = extractvalue { i8*, i64 } %strptr8, 0
  %1 = call i64 @strpos(i8* %pos10, i64 %len9, i8* %pos12, i64 %len11), !tbaa !0
  store i64 %1, i64* %hoisted4, align 8, !tbaa !3
  %hoisted313 = load i64, i64* %hoisted3, align 8, !tbaa !3
  %hoisted414 = load i64, i64* %hoisted4, align 8, !tbaa !3
  %ptrtmp = getelementptr inbounds { i64, i64 }, { i64, i64 }* %tupleptrtmp, i32 0, i32 0
  store i64 %hoisted313, i64* %ptrtmp, align 8, !tbaa !3
  %ptrtmp15 = getelementptr inbounds { i64, i64 }, { i64, i64 }* %tupleptrtmp, i32 0, i32 1
  store i64 %hoisted414, i64* %ptrtmp15, align 8, !tbaa !3
  %tupletmp = load { i64, i64 }, { i64, i64 }* %tupleptrtmp, align 8, !tbaa !3
  store { i64, i64 } %tupletmp, { i64, i64 }* %hoisted5, align 8, !tbaa !3
  %hoisted516 = load { i64, i64 }, { i64, i64 }* %hoisted5, align 8, !tbaa !3
  %elemtmp = extractvalue { i64, i64 } %hoisted516, 1
  %elemtmp17 = extractvalue { i64, i64 } %hoisted516, 0
  call void asm sideeffect "", "X,~{memory}"(i64 %elemtmp17), !tbaa !5
  call void asm sideeffect "", "X,~{memory}"(i64 %elemtmp), !tbaa !5
  ret void
}

define %params* @create(i64* %0) {
entry:
  %malloccall = tail call i8* @malloc(i32 ptrtoint (%params* getelementptr (%params, %params* null, i32 1) to i32))
  %paramstmp = bitcast i8* %malloccall to %params*
  %buf = getelementptr inbounds %params, %params* %paramstmp, i32 0, i32 0
  %tmpbufp = bitcast i64* %0 to [0 x i64]*
  store [0 x i64]* %tmpbufp, [0 x i64]** %buf, align 8
  ret %params* %paramstmp
}

declare noalias i8* @malloc(i32)

attributes #0 = { argmemonly nofree nosync nounwind willreturn }
attributes #1 = { argmemonly readonly speculatable }
attributes #2 = { argmemonly norecurse nounwind readonly speculatable }
attributes #3 = { readnone }
attributes #4 = { argmemonly norecurse nounwind readonly }

!0 = !{!1, !1, i64 0, i64 0}
!1 = !{!"string", !2}
!2 = !{!"castor_root"}
!3 = !{!4, !4, i64 0, i64 0}
!4 = !{!"runtime", !2}
!5 = !{!6, !6, i64 0, i64 0}
!6 = !{!"consumer", !2}
