// Locals:
// count7 : int (persists=false)
// found_tup6 : bool (persists=false)
// tup5 : tuple[int] (persists=false)
fun printer () : void {
    found_tup6 = false;
    count7 = 0;
    tup5 = (buf[0 : 1]);
    count7 = count7 + 1;
    found_tup6 = true;
    if (found_tup6) {
        if (not(count7 < 0 || count7 == 0)) {
            print(tuple[int], (count7));
        } else {
             
        }
    } else {
         
    }
}
// Locals:
// found_tup2 : bool (persists=false)
// tup1 : tuple[int] (persists=false)
// count3 : int (persists=false)
fun consumer () : void {
    found_tup2 = false;
    count3 = 0;
    tup1 = (buf[0 : 1]);
    count3 = count3 + 1;
    found_tup2 = true;
    if (found_tup2) {
        if (not(count3 < 0 || count3 == 0)) {
            consume(tuple[int], (count3));
        } else {
             
        }
    } else {
         
    }
}
