(ListT ((IntT ((range (Interval 1 3)))) ((count (Interval 5 5)))))